---
source: tests/decisions_snapshots.rs
assertion_line: 246
expression: normalized
---
{"decisions":[{"excerpt":"---\nid: DEC-001\nstatus: accepted\nscope: technical\n---\n\n# First Decision\n\nThis is the first important decision. It has been accepted and is now in effect.\n\nIt provides the foundation for subsequent decisions.","id":"DEC-001","is_accepted":true,"provenance":{"ordinal":0,"source":"decision","timestamp":null},"scope":"technical","source_path":"/decisions/decision1.md","status":"accepted","title":"First Decision"},{"excerpt":"---\nid: DEC-002\nstatus: proposed\nscope: organizational\n---\n\n# Second Decision\n\nThis decision is still under review and has not been accepted yet.\n\nWe are waiting for stakeholder feedback.","id":"DEC-002","is_accepted":false,"provenance":{"ordinal":0,"source":"decision","timestamp":null},"scope":"organizational","source_path":"/decisions/decision2.md","status":"proposed","title":"Second Decision"}],"project":null,"total_tokens":82}
